make: *** [Makefile:313: mingw] Error 2
