[JIT] returning from luaV_execute
